Microchip MPLAB XC8 Compiler V1.32 ()

Linker command line:

--edf=C:\Program Files (x86)\Microchip\xc8\v1.32\dat\en_msgs.txt -cs \
  -h+dist/default/debug\bluetooth_led.X.debug.sym \
  --cmf=dist/default/debug\bluetooth_led.X.debug.cmf -z -Q18F2550 \
  -oC:\Users\VERNIC~1\AppData\Local\Temp\s5fo.6 \
  -Mdist/default/debug/bluetooth_led.X.debug.map -E1 -ver=XC8 \
  -ASTACK=0400h-07ffh -pstack=STACK -ACODE=00h-07CFFh -ACONST=00h-07CFFh \
  -ASMALLCONST=0800h-08FFhx117 -AMEDIUMCONST=0800h-07CFFh -ACOMRAM=01h-05Fh \
  -AABS1=00h-03EEh,0400h-07FFh -ABIGRAM=01h-03EEh,0400h-07FFh \
  -ARAM=060h-0FFh,0100h-01FFhx2,0300h-03EEh,0400h-04FFhx4 -ABANK0=060h-0FFh \
  -ABANK1=0100h-01FFh -ABANK2=0200h-02FFh -ABANK3=0300h-03EEh \
  -ABANK4=0400h-04FFh -ABANK5=0500h-05FFh -ABANK6=0600h-06FFh \
  -ABANK7=0700h-07FFh \
  -ASFR=0F60h-0F9Bh,0F9Dh-0FD3h,0FD5h-0FDAh,0FE0h-0FE2h,0FE8h-0FEAh,0FF0h-0FFBh \
  -preset_vec=00h,intcode,intcodelo,powerup,init,end_init -pramtop=0800h \
  -psmallconst=SMALLCONST -pmediumconst=MEDIUMCONST -pconst=CONST \
  -AFARRAM=00h-00h -ACONFIG=0300000h-030000Dh -pconfig=CONFIG \
  -AIDLOC=0200000h-0200007h -pidloc=IDLOC -AEEDATA=0F00000h-0F000FFh \
  -peeprom_data=EEDATA \
  -prdata=COMRAM,nvrram=COMRAM,nvbit=COMRAM,rbss=COMRAM,rbit=COMRAM \
  -pfarbss=FARRAM,fardata=FARRAM,nvFARRAM=FARRAM \
  -pintsave_regs=BIGRAM,bigbss=BIGRAM,bigdata=BIGRAM -pbss=RAM \
  -pidata=CODE,irdata=CODE,ibigdata=CODE,ifardata=CODE \
  C:\Users\VERNIC~1\AppData\Local\Temp\s5fo.obj \
  dist/default/debug\bluetooth_led.X.debug.obj 

Object code version is 3.11

Machine type is 18F2550

Call graph: (short form)




                Name                               Link     Load   Length Selector   Space Scale
C:\Users\VERNIC~1\AppData\Local\Temp\s5fo.obj
                end_init                              2        2        4        0       0
                reset_vec                             0        0        2        0       0
                idloc                            200000   200000        8   200000       0
                config                           300000   300000        E   300000       0
dist/default/debug\bluetooth_led.X.debug.obj
                text8                              7B04     7B04       68     3D82       0
                text7                              79E6     79E6        8     3CF3       0
                text6                              7A18     7A18       1E     3D0C       0
                text5                              7A5C     7A5C       2C     3D2E       0
                text4                              79EE     79EE       12     3CF7       0
                text3                              7A36     7A36       26     3D1B       0
                text2                              7B6C     7B6C       A4     3DB6       0
                text1                              7ABA     7ABA       4A     3D5D       0
                text0                              7C10     7C10       F0     3E08       0
                cstackCOMRAM                         33       33       11        1       1
                dataCOMRAM                           1C       1C       17        1       1
                bssCOMRAM                             1        1       1B        1       1
                cinit                              7A88     7A88       32     3D44       0
                idataCOMRAM                        7A01     7A01       17     7A01       0

TOTAL           Name                               Link     Load   Length     Space
        CLASS   STACK          

        CLASS   CODE           
                end_init                              2        2        4         0
                reset_vec                             0        0        2         0
                text8                              7B04     7B04       68         0
                text7                              79E6     79E6        8         0
                text6                              7A18     7A18       1E         0
                text5                              7A5C     7A5C       2C         0
                text4                              79EE     79EE       12         0
                text3                              7A36     7A36       26         0
                text2                              7B6C     7B6C       A4         0
                text1                              7ABA     7ABA       4A         0
                text0                              7C10     7C10       F0         0
                cinit                              7A88     7A88       32         0
                idataCOMRAM                        7A01     7A01       17         0

        CLASS   CONST          

        CLASS   SMALLCONST     

        CLASS   MEDIUMCONST    

        CLASS   COMRAM         
                cstackCOMRAM                         33       33       11         1
                dataCOMRAM                           1C       1C       17         1
                bssCOMRAM                             1        1       1B         1

        CLASS   ABS1           

        CLASS   BIGRAM         

        CLASS   RAM            

        CLASS   BANK0          

        CLASS   BANK1          

        CLASS   BANK2          

        CLASS   BANK3          

        CLASS   BANK4          

        CLASS   BANK5          

        CLASS   BANK6          

        CLASS   BANK7          

        CLASS   SFR            

        CLASS   FARRAM         

        CLASS   CONFIG         
                config                           300000   300000        E         0

        CLASS   IDLOC          
                idloc                            200000   200000        8         0

        CLASS   EEDATA         



SEGMENTS        Name                           Load    Length   Top    Selector   Space  Class

                reset_vec                      000000  000006  000006         0       0  CODE    
                bssCOMRAM                      000001  000043  000044         1       1  COMRAM  
                text7                          0079E6  000008  0079EE      3CF3       0  CODE    
                text4                          0079EE  000012  007A00      3CF7       0  CODE    
                idataCOMRAM                    007A01  000017  007A18      7A01       0  CODE    
                text6                          007A18  00001E  007A36      3D0C       0  CODE    
                text3                          007A36  000026  007A5C      3D1B       0  CODE    
                text5                          007A5C  00002C  007A88      3D2E       0  CODE    
                cinit                          007A88  000032  007ABA      3D44       0  CODE    
                text1                          007ABA  00004A  007B04      3D5D       0  CODE    
                text8                          007B04  000068  007B6C      3D82       0  CODE    
                text2                          007B6C  0000A4  007C10      3DB6       0  CODE    
                text0                          007C10  0000F0  007D00      3E08       0  CODE    
                idloc                          200000  000008  200008    200000       0  IDLOC   
                config                         300000  00000E  30000E    300000       0  CONFIG  


UNUSED ADDRESS RANGES

        Name                Unused          Largest block    Delta
        BANK0            000060-0000FF               A0
        BANK1            000100-0001FF              100
        BANK2            000200-0002FF              100
        BANK3            000300-0003EE               EF
        BANK4            000400-0004FF              100
        BANK5            000500-0005FF              100
        BANK6            000600-0006FF              100
        BANK7            000700-0007FF              100
        BIGRAM           000044-0003EE              3AB
                         000400-0007FF              400
        CODE             000006-0079E5             79E0
                         007A00-007A00                1
        COMRAM           000044-00005F               1C
        CONST            000006-0079E5             79E0
                         007A00-007A00                1
        EEDATA           F00000-F000FF              100
        MEDIUMCONST      000800-0079E5             71E6
                         007A00-007A00                1
        RAM              000060-0003EE              100
                         000400-0007FF              100
        SFR              000F60-000F9B               3C
                         000F9D-000FD3               37
                         000FD5-000FDA                6
                         000FE0-000FE2                3
                         000FE8-000FEA                3
                         000FF0-000FFB                C
        SMALLCONST       000800-0079E5              100
                         007A00-007A00                1
        STACK            000400-0007FF              400

                                  Symbol Table

?___awdiv                cstackCOMRAM 000033
OpenUSART@config         cstackCOMRAM 000038
OpenUSART@spbrg          cstackCOMRAM 000033
ReadUSART@data           cstackCOMRAM 000033
WriteUSART@data          cstackCOMRAM 000033
_BAUDCON                 (abs)        000FB8
_CaracterRx              bssCOMRAM    000001
_MensajeTx               dataCOMRAM   00001C
_OpenUSART               text8        007B04
_PIE1                    (abs)        000F9D
_PIE1bits                (abs)        000F9D
_PIR1bits                (abs)        000F9E
_PORTCbits               (abs)        000F82
_RCREG                   (abs)        000FAE
_RCSTA                   (abs)        000FAB
_RCSTAbits               (abs)        000FAB
_ReadUSART               text6        007A18
_Rxdata                  bssCOMRAM    000003
_SPBRG                   (abs)        000FAF
_SPBRGH                  (abs)        000FB0
_TRISC                   (abs)        000F94
_TRISCbits               (abs)        000F94
_TXREG                   (abs)        000FAD
_TXSTA                   (abs)        000FAC
_TXSTAbits               (abs)        000FAC
_Txdata                  dataCOMRAM   000023
_USART_Status            bssCOMRAM    000002
_WriteUSART              text4        0079EE
__CFG_BOR$OFF            (abs)        000000
__CFG_BORV$0             (abs)        000000
__CFG_CCP2MX$OFF         (abs)        000000
__CFG_CP0$OFF            (abs)        000000
__CFG_CP1$OFF            (abs)        000000
__CFG_CP2$OFF            (abs)        000000
__CFG_CP3$OFF            (abs)        000000
__CFG_CPB$OFF            (abs)        000000
__CFG_CPD$OFF            (abs)        000000
__CFG_CPUDIV$OSC1_PLL2   (abs)        000000
__CFG_EBTR0$OFF          (abs)        000000
__CFG_EBTR1$OFF          (abs)        000000
__CFG_EBTR2$OFF          (abs)        000000
__CFG_EBTR3$OFF          (abs)        000000
__CFG_EBTRB$OFF          (abs)        000000
__CFG_FCMEN$OFF          (abs)        000000
__CFG_FOSC$HSPLL_HS      (abs)        000000
__CFG_IESO$OFF           (abs)        000000
__CFG_LPT1OSC$OFF        (abs)        000000
__CFG_LVP$OFF            (abs)        000000
__CFG_MCLRE$ON           (abs)        000000
__CFG_PBADEN$OFF         (abs)        000000
__CFG_PLLDIV$5           (abs)        000000
__CFG_PWRT$ON            (abs)        000000
__CFG_STVREN$OFF         (abs)        000000
__CFG_USBDIV$1           (abs)        000000
__CFG_VREGEN$ON          (abs)        000000
__CFG_WDT$OFF            (abs)        000000
__CFG_WDTPS$32768        (abs)        000000
__CFG_WRT0$OFF           (abs)        000000
__CFG_WRT1$OFF           (abs)        000000
__CFG_WRT2$OFF           (abs)        000000
__CFG_WRT3$OFF           (abs)        000000
__CFG_WRTB$OFF           (abs)        000000
__CFG_WRTC$OFF           (abs)        000000
__CFG_WRTD$OFF           (abs)        000000
__CFG_XINST$OFF          (abs)        000000
__HRAM                   (abs)        000000
__Habs1                  abs1         000000
__Hbank0                 bank0        000000
__Hbank1                 bank1        000000
__Hbank2                 bank2        000000
__Hbank3                 bank3        000000
__Hbank4                 bank4        000000
__Hbank5                 bank5        000000
__Hbank6                 bank6        000000
__Hbank7                 bank7        000000
__Hbigbss                bigbss       000000
__Hbigdata               bigdata      000000
__Hbigram                bigram       000000
__Hbss                   bss          000000
__HbssCOMRAM             bssCOMRAM    000000
__Hcinit                 cinit        000000
__Hclrtext               clrtext      000000
__Hcomram                comram       000000
__Hconfig                config       30000E
__Hconst                 const        000000
__HcstackCOMRAM          cstackCOMRAM 000000
__Hdata                  data         000000
__HdataCOMRAM            dataCOMRAM   000000
__Heeprom_data           eeprom_data  000000
__Hend_init              end_init     000006
__Hfarbss                farbss       000000
__Hfardata               fardata      000000
__Hibigdata              ibigdata     000000
__Hidata                 idata        000000
__HidataCOMRAM           idataCOMRAM  000000
__Hidloc                 idloc        200008
__Hifardata              ifardata     000000
__Hinit                  init         000002
__Hintcode               intcode      000002
__Hintcode_body          intcode_body 000000
__Hintcodelo             intcodelo    000002
__Hintentry              intentry     000000
__Hintret                intret       000000
__Hintsave_regs          intsave_regs 000000
__Hirdata                irdata       000000
__Hmediumconst           mediumconst  000000
__HnvFARRAM              nvFARRAM     000000
__Hnvbit                 nvbit        000000
__Hnvrram                nvrram       000000
__Hparam                 rparam       000000
__Hpowerup               powerup      000002
__Hram                   ram          000000
__Hramtop                ramtop       000800
__Hrbit                  rbit         000000
__Hrbss                  rbss         000000
__Hrdata                 rdata        000000
__Hreset_vec             reset_vec    000002
__Hrparam                rparam       000000
__Hsfr                   sfr          000000
__Hsmallconst            smallconst   000000
__Hspace_0               (abs)        30000E
__Hspace_1               (abs)        000044
__Hspace_2               (abs)        000000
__Hstack                 stack        000000
__Hstruct                struct       000000
__Htemp                  temp         000000
__Htext                  text         000000
__Htext0                 text0        000000
__Htext1                 text1        000000
__Htext2                 text2        000000
__Htext3                 text3        000000
__Htext4                 text4        000000
__Htext5                 text5        000000
__Htext6                 text6        000000
__Htext7                 text7        000000
__Htext8                 text8        000000
__LRAM                   (abs)        000001
__Labs1                  abs1         000000
__Lbank0                 bank0        000000
__Lbank1                 bank1        000000
__Lbank2                 bank2        000000
__Lbank3                 bank3        000000
__Lbank4                 bank4        000000
__Lbank5                 bank5        000000
__Lbank6                 bank6        000000
__Lbank7                 bank7        000000
__Lbigbss                bigbss       000000
__Lbigdata               bigdata      000000
__Lbigram                bigram       000000
__Lbss                   bss          000000
__LbssCOMRAM             bssCOMRAM    000000
__Lcinit                 cinit        000000
__Lclrtext               clrtext      000000
__Lcomram                comram       000000
__Lconfig                config       300000
__Lconst                 const        000000
__LcstackCOMRAM          cstackCOMRAM 000000
__Ldata                  data         000000
__LdataCOMRAM            dataCOMRAM   000000
__Leeprom_data           eeprom_data  000000
__Lend_init              end_init     000002
__Lfarbss                farbss       000000
__Lfardata               fardata      000000
__Libigdata              ibigdata     000000
__Lidata                 idata        000000
__LidataCOMRAM           idataCOMRAM  000000
__Lidloc                 idloc        200000
__Lifardata              ifardata     000000
__Linit                  init         000002
__Lintcode               intcode      000002
__Lintcode_body          intcode_body 000000
__Lintcodelo             intcodelo    000002
__Lintentry              intentry     000000
__Lintret                intret       000000
__Lintsave_regs          intsave_regs 000000
__Lirdata                irdata       000000
__Lmediumconst           mediumconst  000000
__LnvFARRAM              nvFARRAM     000000
__Lnvbit                 nvbit        000000
__Lnvrram                nvrram       000000
__Lparam                 rparam       000000
__Lpowerup               powerup      000002
__Lram                   ram          000000
__Lramtop                ramtop       000800
__Lrbit                  rbit         000000
__Lrbss                  rbss         000000
__Lrdata                 rdata        000000
__Lreset_vec             reset_vec    000000
__Lrparam                rparam       000000
__Lsfr                   sfr          000000
__Lsmallconst            smallconst   000000
__Lspace_0               (abs)        000000
__Lspace_1               (abs)        000000
__Lspace_2               (abs)        000000
__Lstack                 stack        000000
__Lstruct                struct       000000
__Ltemp                  temp         000000
__Ltext                  text         000000
__Ltext0                 text0        000000
__Ltext1                 text1        000000
__Ltext2                 text2        000000
__Ltext3                 text3        000000
__Ltext4                 text4        000000
__Ltext5                 text5        000000
__Ltext6                 text6        000000
__Ltext7                 text7        000000
__Ltext8                 text8        000000
__S0                     (abs)        30000E
__S1                     (abs)        000044
__S2                     (abs)        000000
___awdiv                 text2        007B6C
___awdiv@counter         cstackCOMRAM 000037
___awdiv@dividend        cstackCOMRAM 000033
___awdiv@divisor         cstackCOMRAM 000035
___awdiv@quotient        cstackCOMRAM 000039
___awdiv@sign            cstackCOMRAM 000038
___inthi_sp              stack        000000
___intlo_sp              stack        000000
___sp                    stack        000000
__accesstop              (abs)        000060
__activetblptr           (abs)        000000
__end_of_OpenUSART       text8        007B6C
__end_of_ReadUSART       text6        007A36
__end_of_WriteUSART      text4        007A00
__end_of___awdiv         text2        007C10
__end_of__initialization cinit        007AB4
__end_of_baudUSART       text7        0079EE
__end_of_getsUSART       text5        007A88
__end_of_main            text0        007D00
__end_of_putsUSART       text3        007A5C
__end_of_x_delay_ms      text1        007B04
__initialization         cinit        007A88
__mediumconst            mediumconst  000000
__pbssCOMRAM             bssCOMRAM    000001
__pcinit                 cinit        007A88
__pcstackCOMRAM          cstackCOMRAM 000033
__pdataCOMRAM            dataCOMRAM   00001C
__pidataCOMRAM           idataCOMRAM  007A01
__ptext0                 text0        007C10
__ptext1                 text1        007ABA
__ptext2                 text2        007B6C
__ptext3                 text3        007A36
__ptext4                 text4        0079EE
__ptext5                 text5        007A5C
__ptext6                 text6        007A18
__ptext7                 text7        0079E6
__ptext8                 text8        007B04
__ramtop                 ramtop       000800
__size_of_OpenUSART      (abs)        000000
__size_of_ReadUSART      (abs)        000000
__size_of_WriteUSART     (abs)        000000
__size_of___awdiv        (abs)        000000
__size_of_baudUSART      (abs)        000000
__size_of_getsUSART      (abs)        000000
__size_of_main           (abs)        000000
__size_of_putsUSART      (abs)        000000
__size_of_x_delay_ms     (abs)        000000
__smallconst             smallconst   000000
_baudUSART               text7        0079E6
_getsUSART               text5        007A5C
_main                    text0        007C10
_putsUSART               text3        007A36
_x_delay_ms              text1        007ABA
baudUSART@baudconfig     cstackCOMRAM 000033
end_of_initialization    cinit        007AB4
getsUSART@buffer         cstackCOMRAM 000034
getsUSART@data           cstackCOMRAM 000037
getsUSART@i              cstackCOMRAM 000038
getsUSART@len            cstackCOMRAM 000036
intlevel0                text         000000
intlevel1                text         000000
intlevel2                text         000000
intlevel3                text         000000
main@baudconfig          cstackCOMRAM 000043
main@config              cstackCOMRAM 000042
main@spbrg               cstackCOMRAM 000040
putsUSART@data           cstackCOMRAM 000034
stackhi                  (abs)        0007FF
stacklo                  (abs)        000400
start                    init         000002
start_initialization     cinit        007A88
x_delay_ms@cont          cstackCOMRAM 00003E
x_delay_ms@x             cstackCOMRAM 00003B


FUNCTION INFORMATION:

 *************** function _main *****************
 Defined at:
		line 23 in file "main.c"
 Parameters:    Size  Location     Type
		None
 Auto vars:     Size  Location     Type
  spbrg           2   13[COMRAM] unsigned int 
  baudconfig      1   16[COMRAM] unsigned char 
  config          1   15[COMRAM] unsigned char 
 Return value:  Size  Location     Type
		None               void
 Registers used:
		wreg, fsr2l, fsr2h, status,2, status,0, prodl, cstack
 Tracked objects:
		On entry : 
		On exit  : 
		Unchanged: 
 Data sizes:     COMRAM   BANK0   BANK1   BANK2   BANK3   BANK4   BANK5   BANK6   BANK7
      Params:         0       0       0       0       0       0       0       0       0
      Locals:         4       0       0       0       0       0       0       0       0
      Temps:          0       0       0       0       0       0       0       0       0
      Totals:         4       0       0       0       0       0       0       0       0
Total ram usage:        4 bytes
 Hardware stack levels required when called:    2
 This function calls:
		_OpenUSART
		_baudUSART
		_getsUSART
		_putsUSART
		_x_delay_ms
 This function is called by:
		Startup code after reset
 This function uses a non-reentrant model


 *************** function _x_delay_ms *****************
 Defined at:
		line 15 in file "main.c"
 Parameters:    Size  Location     Type
  x               2    8[COMRAM] int 
 Auto vars:     Size  Location     Type
  cont            2   11[COMRAM] int 
 Return value:  Size  Location     Type
		None               void
 Registers used:
		wreg, status,2, status,0, prodl, cstack
 Tracked objects:
		On entry : 
		On exit  : 
		Unchanged: 
 Data sizes:     COMRAM   BANK0   BANK1   BANK2   BANK3   BANK4   BANK5   BANK6   BANK7
      Params:         2       0       0       0       0       0       0       0       0
      Locals:         2       0       0       0       0       0       0       0       0
      Temps:          1       0       0       0       0       0       0       0       0
      Totals:         5       0       0       0       0       0       0       0       0
Total ram usage:        5 bytes
 Hardware stack levels used:    1
 Hardware stack levels required when called:    1
 This function calls:
		___awdiv
 This function is called by:
		_main
 This function uses a non-reentrant model


 *************** function ___awdiv *****************
 Defined at:
		line 8 in file "C:\Program Files (x86)\Microchip\xc8\v1.32\sources\common\awdiv.c"
 Parameters:    Size  Location     Type
  dividend        2    0[COMRAM] int 
  divisor         2    2[COMRAM] int 
 Auto vars:     Size  Location     Type
  quotient        2    6[COMRAM] int 
  sign            1    5[COMRAM] unsigned char 
  counter         1    4[COMRAM] unsigned char 
 Return value:  Size  Location     Type
                  2    0[COMRAM] int 
 Registers used:
		wreg, status,2, status,0, prodl
 Tracked objects:
		On entry : 
		On exit  : 
		Unchanged: 
 Data sizes:     COMRAM   BANK0   BANK1   BANK2   BANK3   BANK4   BANK5   BANK6   BANK7
      Params:         4       0       0       0       0       0       0       0       0
      Locals:         4       0       0       0       0       0       0       0       0
      Temps:          0       0       0       0       0       0       0       0       0
      Totals:         8       0       0       0       0       0       0       0       0
Total ram usage:        8 bytes
 Hardware stack levels used:    1
 This function calls:
		Nothing
 This function is called by:
		_x_delay_ms
 This function uses a non-reentrant model


 *************** function _putsUSART *****************
 Defined at:
		line 14 in file "C:\Program Files (x86)\Microchip\xc8\v1.32\sources\pic18\plib\USART\uputs.c"
 Parameters:    Size  Location     Type
  data            2    1[COMRAM] PTR unsigned char 
		 -> Rxdata(25), Txdata(16), 
 Auto vars:     Size  Location     Type
		None
 Return value:  Size  Location     Type
		None               void
 Registers used:
		wreg, fsr2l, fsr2h, status,2, status,0, cstack
 Tracked objects:
		On entry : 
		On exit  : 
		Unchanged: 
 Data sizes:     COMRAM   BANK0   BANK1   BANK2   BANK3   BANK4   BANK5   BANK6   BANK7
      Params:         2       0       0       0       0       0       0       0       0
      Locals:         0       0       0       0       0       0       0       0       0
      Temps:          0       0       0       0       0       0       0       0       0
      Totals:         2       0       0       0       0       0       0       0       0
Total ram usage:        2 bytes
 Hardware stack levels used:    1
 Hardware stack levels required when called:    1
 This function calls:
		_WriteUSART
 This function is called by:
		_main
 This function uses a non-reentrant model


 *************** function _WriteUSART *****************
 Defined at:
		line 13 in file "C:\Program Files (x86)\Microchip\xc8\v1.32\sources\pic18\plib\USART\uwrite.c"
 Parameters:    Size  Location     Type
  data            1    wreg     unsigned char 
 Auto vars:     Size  Location     Type
  data            1    0[COMRAM] unsigned char 
 Return value:  Size  Location     Type
		None               void
 Registers used:
		wreg
 Tracked objects:
		On entry : 
		On exit  : 
		Unchanged: 
 Data sizes:     COMRAM   BANK0   BANK1   BANK2   BANK3   BANK4   BANK5   BANK6   BANK7
      Params:         0       0       0       0       0       0       0       0       0
      Locals:         1       0       0       0       0       0       0       0       0
      Temps:          0       0       0       0       0       0       0       0       0
      Totals:         1       0       0       0       0       0       0       0       0
Total ram usage:        1 bytes
 Hardware stack levels used:    1
 This function calls:
		Nothing
 This function is called by:
		_putsUSART
 This function uses a non-reentrant model


 *************** function _getsUSART *****************
 Defined at:
		line 14 in file "C:\Program Files (x86)\Microchip\xc8\v1.32\sources\pic18\plib\USART\ugets.c"
 Parameters:    Size  Location     Type
  buffer          2    1[COMRAM] PTR unsigned char 
		 -> Rxdata(25), 
  len             1    3[COMRAM] unsigned char 
 Auto vars:     Size  Location     Type
  i               1    5[COMRAM] unsigned char 
  data            1    4[COMRAM] unsigned char 
 Return value:  Size  Location     Type
		None               void
 Registers used:
		wreg, fsr2l, fsr2h, status,2, status,0, cstack
 Tracked objects:
		On entry : 
		On exit  : 
		Unchanged: 
 Data sizes:     COMRAM   BANK0   BANK1   BANK2   BANK3   BANK4   BANK5   BANK6   BANK7
      Params:         3       0       0       0       0       0       0       0       0
      Locals:         2       0       0       0       0       0       0       0       0
      Temps:          0       0       0       0       0       0       0       0       0
      Totals:         5       0       0       0       0       0       0       0       0
Total ram usage:        5 bytes
 Hardware stack levels used:    1
 Hardware stack levels required when called:    1
 This function calls:
		_ReadUSART
 This function is called by:
		_main
 This function uses a non-reentrant model


 *************** function _ReadUSART *****************
 Defined at:
		line 15 in file "C:\Program Files (x86)\Microchip\xc8\v1.32\sources\pic18\plib\USART\uread.c"
 Parameters:    Size  Location     Type
		None
 Auto vars:     Size  Location     Type
  data            1    0[COMRAM] unsigned char 
 Return value:  Size  Location     Type
                  1    wreg      unsigned char 
 Registers used:
		wreg, status,2, status,0
 Tracked objects:
		On entry : 
		On exit  : 
		Unchanged: 
 Data sizes:     COMRAM   BANK0   BANK1   BANK2   BANK3   BANK4   BANK5   BANK6   BANK7
      Params:         0       0       0       0       0       0       0       0       0
      Locals:         1       0       0       0       0       0       0       0       0
      Temps:          0       0       0       0       0       0       0       0       0
      Totals:         1       0       0       0       0       0       0       0       0
Total ram usage:        1 bytes
 Hardware stack levels used:    1
 This function calls:
		Nothing
 This function is called by:
		_getsUSART
 This function uses a non-reentrant model


 *************** function _baudUSART *****************
 Defined at:
		line 15 in file "C:\Program Files (x86)\Microchip\xc8\v1.32\sources\pic18\plib\USART\ubaud.c"
 Parameters:    Size  Location     Type
  baudconfig      1    wreg     unsigned char 
 Auto vars:     Size  Location     Type
  baudconfig      1    0[COMRAM] unsigned char 
 Return value:  Size  Location     Type
		None               void
 Registers used:
		wreg
 Tracked objects:
		On entry : 
		On exit  : 
		Unchanged: 
 Data sizes:     COMRAM   BANK0   BANK1   BANK2   BANK3   BANK4   BANK5   BANK6   BANK7
      Params:         0       0       0       0       0       0       0       0       0
      Locals:         1       0       0       0       0       0       0       0       0
      Temps:          0       0       0       0       0       0       0       0       0
      Totals:         1       0       0       0       0       0       0       0       0
Total ram usage:        1 bytes
 Hardware stack levels used:    1
 This function calls:
		Nothing
 This function is called by:
		_main
 This function uses a non-reentrant model


 *************** function _OpenUSART *****************
 Defined at:
		line 73 in file "C:\Program Files (x86)\Microchip\xc8\v1.32\sources\pic18\plib\USART\uopen.c"
 Parameters:    Size  Location     Type
  config          1    wreg     unsigned char 
  spbrg           2    0[COMRAM] unsigned int 
 Auto vars:     Size  Location     Type
  config          1    5[COMRAM] unsigned char 
 Return value:  Size  Location     Type
		None               void
 Registers used:
		wreg, status,2
 Tracked objects:
		On entry : 
		On exit  : 
		Unchanged: 
 Data sizes:     COMRAM   BANK0   BANK1   BANK2   BANK3   BANK4   BANK5   BANK6   BANK7
      Params:         2       0       0       0       0       0       0       0       0
      Locals:         1       0       0       0       0       0       0       0       0
      Temps:          3       0       0       0       0       0       0       0       0
      Totals:         6       0       0       0       0       0       0       0       0
Total ram usage:        6 bytes
 Hardware stack levels used:    1
 This function calls:
		Nothing
 This function is called by:
		_main
 This function uses a non-reentrant model



MODULE INFORMATION

Module		Function		Class		Link	Load	Size
C:\Program Files (x86)\Microchip\xc8\v1.32\sources\pic18\plib\USART\ugets.c
		_getsUSART     		CODE           	7A5C	0000	44

C:\Program Files (x86)\Microchip\xc8\v1.32\sources\pic18\plib\USART\ugets.c estimated size: 44

C:\Program Files (x86)\Microchip\xc8\v1.32\sources\pic18\plib\USART\uwrite.c
		_WriteUSART    		CODE           	79EE	0000	18

C:\Program Files (x86)\Microchip\xc8\v1.32\sources\pic18\plib\USART\uwrite.c estimated size: 18

C:\Program Files (x86)\Microchip\xc8\v1.32\sources\pic18\plib\USART\uopen.c
		_OpenUSART     		CODE           	7B04	0000	104

C:\Program Files (x86)\Microchip\xc8\v1.32\sources\pic18\plib\USART\uopen.c estimated size: 104

C:\Program Files (x86)\Microchip\xc8\v1.32\sources\common\awdiv.c
		___awdiv       		CODE           	7B6C	0000	164

C:\Program Files (x86)\Microchip\xc8\v1.32\sources\common\awdiv.c estimated size: 164

C:\Program Files (x86)\Microchip\xc8\v1.32\sources\pic18\plib\USART\ubaud.c
		_baudUSART     		CODE           	79E6	0000	8

C:\Program Files (x86)\Microchip\xc8\v1.32\sources\pic18\plib\USART\ubaud.c estimated size: 8

shared
		__initializatio		CODE           	7A88	0000	44

shared estimated size: 44

C:\Program Files (x86)\Microchip\xc8\v1.32\sources\pic18\plib\USART\uread.c
		_ReadUSART     		CODE           	7A18	0000	30

C:\Program Files (x86)\Microchip\xc8\v1.32\sources\pic18\plib\USART\uread.c estimated size: 30

C:\Program Files (x86)\Microchip\xc8\v1.32\sources\pic18\plib\USART\uputs.c
		_putsUSART     		CODE           	7A36	0000	38

C:\Program Files (x86)\Microchip\xc8\v1.32\sources\pic18\plib\USART\uputs.c estimated size: 38

main.c
		_main          		CODE           	7C10	0000	240
		_x_delay_ms    		CODE           	7ABA	0000	74

main.c estimated size: 314

