Microchip MPLAB XC8 Compiler V1.32 ()

Linker command line:

--edf=C:\Program Files (x86)\Microchip\xc8\v1.32\dat\en_msgs.txt -cs \
  -h+dist/default/production\bluetooth_led.X.production.sym \
  --cmf=dist/default/production\bluetooth_led.X.production.cmf -z -Q18F2550 \
  -oC:\Users\VERNIC~1\AppData\Local\Temp\s6ek.6 \
  -Mdist/default/production/bluetooth_led.X.production.map -E1 -ver=XC8 \
  -ASTACK=060h-07ffh -pstack=STACK -ACODE=00h-07FFFh -ACONST=00h-07FFFh \
  -ASMALLCONST=0800h-08FFhx120 -AMEDIUMCONST=0800h-07FFFh -ACOMRAM=01h-05Fh \
  -AABS1=00h-07FFh -ABIGRAM=01h-07FFh -ARAM=060h-0FFh,0100h-01FFhx7 \
  -ABANK0=060h-0FFh -ABANK1=0100h-01FFh -ABANK2=0200h-02FFh \
  -ABANK3=0300h-03FFh -ABANK4=0400h-04FFh -ABANK5=0500h-05FFh \
  -ABANK6=0600h-06FFh -ABANK7=0700h-07FFh -ASFR=0F60h-0FFFh \
  -preset_vec=00h,intcode=08h,intcodelo,powerup,init,end_init \
  -pramtop=0800h -psmallconst=SMALLCONST -pmediumconst=MEDIUMCONST \
  -pconst=CONST -AFARRAM=00h-00h -ACONFIG=0300000h-030000Dh -pconfig=CONFIG \
  -AIDLOC=0200000h-0200007h -pidloc=IDLOC -AEEDATA=0F00000h-0F000FFh \
  -peeprom_data=EEDATA \
  -prdata=COMRAM,nvrram=COMRAM,nvbit=COMRAM,rbss=COMRAM,rbit=COMRAM \
  -pfarbss=FARRAM,fardata=FARRAM,nvFARRAM=FARRAM \
  -pintsave_regs=BIGRAM,bigbss=BIGRAM,bigdata=BIGRAM -pbss=RAM \
  -pidata=CODE,irdata=CODE,ibigdata=CODE,ifardata=CODE \
  C:\Users\VERNIC~1\AppData\Local\Temp\s6ek.obj \
  dist/default/production\bluetooth_led.X.production.obj 

Object code version is 3.11

Machine type is 18F2550

Call graph: (short form)




                Name                               Link     Load   Length Selector   Space Scale
C:\Users\VERNIC~1\AppData\Local\Temp\s6ek.obj
                end_init                             18       18        4        4       0
                reset_vec                             0        0        4        0       0
                idloc                            200000   200000        8   200000       0
                config                           300000   300000        E   300000       0
dist/default/production\bluetooth_led.X.production.obj
                intcode                               8        8       10        4       0
                text10                              2C0      2C0       1E        4       0
                text9                               2F0      2F0       12        4       0
                text8                               29A      29A       26        4       0
                intcode_body                         C0       C0       82        4       0
                text6                               142      142       68        4       0
                text5                               302      302        8        4       0
                text4                               2DE      2DE       12        4       0
                text3                               274      274       26        4       0
                text2                                1C       1C       A4        4       0
                text1                               200      200       4A        4       0
                text0                               1AA      1AA       56        4       0
                cstackCOMRAM                          1        1       22        1       1
                dataCOMRAM                           23       23        7        1       1
                bssCOMRAM                            2A       2A        2        1       1
                cinit                               24A      24A       2A        4       0
                idataCOMRAM                         30A      30A        7        4       0

TOTAL           Name                               Link     Load   Length     Space
        CLASS   STACK          

        CLASS   CODE           
                end_init                             18       18        4         0
                intcode                               8        8       10         0
                reset_vec                             0        0        4         0
                text10                              2C0      2C0       1E         0
                text9                               2F0      2F0       12         0
                text8                               29A      29A       26         0
                intcode_body                         C0       C0       82         0
                text6                               142      142       68         0
                text5                               302      302        8         0
                text4                               2DE      2DE       12         0
                text3                               274      274       26         0
                text2                                1C       1C       A4         0
                text1                               200      200       4A         0
                text0                               1AA      1AA       56         0
                cinit                               24A      24A       2A         0
                idataCOMRAM                         30A      30A        7         0

        CLASS   CONST          

        CLASS   SMALLCONST     

        CLASS   MEDIUMCONST    

        CLASS   COMRAM         
                cstackCOMRAM                          1        1       22         1
                dataCOMRAM                           23       23        7         1
                bssCOMRAM                            2A       2A        2         1

        CLASS   ABS1           

        CLASS   BIGRAM         

        CLASS   RAM            

        CLASS   BANK0          

        CLASS   BANK1          

        CLASS   BANK2          

        CLASS   BANK3          

        CLASS   BANK4          

        CLASS   BANK5          

        CLASS   BANK6          

        CLASS   BANK7          

        CLASS   SFR            

        CLASS   FARRAM         

        CLASS   CONFIG         
                config                           300000   300000        E         0

        CLASS   IDLOC          
                idloc                            200000   200000        8         0

        CLASS   EEDATA         



SEGMENTS        Name                           Load    Length   Top    Selector   Space  Class

                reset_vec                      000000  000004  000004         0       0  CODE    
                cstackCOMRAM                   000001  00002B  00002C         1       1  COMRAM  
                intcode                        000008  000309  000311         4       0  CODE    
                idloc                          200000  000008  200008    200000       0  IDLOC   
                config                         300000  00000E  30000E    300000       0  CONFIG  


UNUSED ADDRESS RANGES

        Name                Unused          Largest block    Delta
        BANK0            000060-0000FF               A0
        BANK1            000100-0001FF              100
        BANK2            000200-0002FF              100
        BANK3            000300-0003FF              100
        BANK4            000400-0004FF              100
        BANK5            000500-0005FF              100
        BANK6            000600-0006FF              100
        BANK7            000700-0007FF              100
        BIGRAM           00002C-0007FF              7D4
        CODE             000004-000007                4
                         000311-007FFF             7CEF
        COMRAM           00002C-00005F               34
        CONST            000004-000007                4
                         000311-007FFF             7CEF
        EEDATA           F00000-F000FF              100
        MEDIUMCONST      000800-007FFF             7800
        RAM              000060-0007FF              100
        SFR              000F60-000FFF               A0
        SMALLCONST       000800-007FFF              100
        STACK            000060-0007FF              7A0

                                  Symbol Table

?___awdiv                cstackCOMRAM 000012
OpenUSART@config         cstackCOMRAM 000017
OpenUSART@spbrg          cstackCOMRAM 000012
ReadUSART@data           cstackCOMRAM 000001
WriteUSART@data          cstackCOMRAM 000012
_BAUDCON                 (abs)        000FB8
_CaracterRx              bssCOMRAM    00002B
_INTCONbits              (abs)        000FF2
_Interrupcion            intcode      000008
_MensajeTx               dataCOMRAM   000023
_OpenUSART               text6        000142
_PIE1                    (abs)        000F9D
_PIE1bits                (abs)        000F9D
_PIR1bits                (abs)        000F9E
_PORTCbits               (abs)        000F82
_RCREG                   (abs)        000FAE
_RCSTA                   (abs)        000FAB
_RCSTAbits               (abs)        000FAB
_ReadUSART               text10       0002C0
_SPBRG                   (abs)        000FAF
_SPBRGH                  (abs)        000FB0
_TRISC                   (abs)        000F94
_TRISCbits               (abs)        000F94
_TXREG                   (abs)        000FAD
_TXSTA                   (abs)        000FAC
_TXSTAbits               (abs)        000FAC
_USART_Status            bssCOMRAM    00002A
_WriteUSART              text4        0002DE
__CFG_BOR$OFF            (abs)        000000
__CFG_BORV$0             (abs)        000000
__CFG_CCP2MX$OFF         (abs)        000000
__CFG_CP0$OFF            (abs)        000000
__CFG_CP1$OFF            (abs)        000000
__CFG_CP2$OFF            (abs)        000000
__CFG_CP3$OFF            (abs)        000000
__CFG_CPB$OFF            (abs)        000000
__CFG_CPD$OFF            (abs)        000000
__CFG_CPUDIV$OSC1_PLL2   (abs)        000000
__CFG_EBTR0$OFF          (abs)        000000
__CFG_EBTR1$OFF          (abs)        000000
__CFG_EBTR2$OFF          (abs)        000000
__CFG_EBTR3$OFF          (abs)        000000
__CFG_EBTRB$OFF          (abs)        000000
__CFG_FCMEN$OFF          (abs)        000000
__CFG_FOSC$HSPLL_HS      (abs)        000000
__CFG_IESO$OFF           (abs)        000000
__CFG_LPT1OSC$OFF        (abs)        000000
__CFG_LVP$OFF            (abs)        000000
__CFG_MCLRE$ON           (abs)        000000
__CFG_PBADEN$OFF         (abs)        000000
__CFG_PLLDIV$5           (abs)        000000
__CFG_PWRT$ON            (abs)        000000
__CFG_STVREN$OFF         (abs)        000000
__CFG_USBDIV$1           (abs)        000000
__CFG_VREGEN$ON          (abs)        000000
__CFG_WDT$OFF            (abs)        000000
__CFG_WDTPS$32768        (abs)        000000
__CFG_WRT0$OFF           (abs)        000000
__CFG_WRT1$OFF           (abs)        000000
__CFG_WRT2$OFF           (abs)        000000
__CFG_WRT3$OFF           (abs)        000000
__CFG_WRTB$OFF           (abs)        000000
__CFG_WRTC$OFF           (abs)        000000
__CFG_WRTD$OFF           (abs)        000000
__CFG_XINST$OFF          (abs)        000000
__HRAM                   (abs)        000000
__Habs1                  abs1         000000
__Hbank0                 bank0        000000
__Hbank1                 bank1        000000
__Hbank2                 bank2        000000
__Hbank3                 bank3        000000
__Hbank4                 bank4        000000
__Hbank5                 bank5        000000
__Hbank6                 bank6        000000
__Hbank7                 bank7        000000
__Hbigbss                bigbss       000000
__Hbigdata               bigdata      000000
__Hbigram                bigram       000000
__Hbss                   bss          000000
__HbssCOMRAM             bssCOMRAM    000000
__Hcinit                 cinit        000000
__Hclrtext               clrtext      000000
__Hcomram                comram       000000
__Hconfig                config       30000E
__Hconst                 const        000000
__HcstackCOMRAM          cstackCOMRAM 000000
__Hdata                  data         000000
__HdataCOMRAM            dataCOMRAM   000000
__Heeprom_data           eeprom_data  000000
__Hend_init              end_init     00001C
__Hfarbss                farbss       000000
__Hfardata               fardata      000000
__Hibigdata              ibigdata     000000
__Hidata                 idata        000000
__HidataCOMRAM           idataCOMRAM  000000
__Hidloc                 idloc        200008
__Hifardata              ifardata     000000
__Hinit                  init         000018
__Hintcode               intcode      000018
__Hintcode_body          intcode_body 000000
__Hintcodelo             intcodelo    000018
__Hintentry              intentry     000000
__Hintret                intret       000000
__Hintsave_regs          intsave_regs 000000
__Hirdata                irdata       000000
__Hmediumconst           mediumconst  000000
__HnvFARRAM              nvFARRAM     000000
__Hnvbit                 nvbit        000000
__Hnvrram                nvrram       000000
__Hparam                 rparam       000000
__Hpowerup               powerup      000018
__Hram                   ram          000000
__Hramtop                ramtop       000800
__Hrbit                  rbit         000000
__Hrbss                  rbss         000000
__Hrdata                 rdata        000000
__Hreset_vec             reset_vec    000004
__Hrparam                rparam       000000
__Hsfr                   sfr          000000
__Hsmallconst            smallconst   000000
__Hspace_0               (abs)        30000E
__Hspace_1               (abs)        00002C
__Hspace_2               (abs)        000000
__Hstack                 stack        000000
__Hstruct                struct       000000
__Htemp                  temp         000000
__Htext                  text         000000
__Htext0                 text0        000000
__Htext1                 text1        000000
__Htext10                text10       000000
__Htext2                 text2        000000
__Htext3                 text3        000000
__Htext4                 text4        000000
__Htext5                 text5        000000
__Htext6                 text6        000000
__Htext8                 text8        000000
__Htext9                 text9        000000
__LRAM                   (abs)        000001
__Labs1                  abs1         000000
__Lbank0                 bank0        000000
__Lbank1                 bank1        000000
__Lbank2                 bank2        000000
__Lbank3                 bank3        000000
__Lbank4                 bank4        000000
__Lbank5                 bank5        000000
__Lbank6                 bank6        000000
__Lbank7                 bank7        000000
__Lbigbss                bigbss       000000
__Lbigdata               bigdata      000000
__Lbigram                bigram       000000
__Lbss                   bss          000000
__LbssCOMRAM             bssCOMRAM    000000
__Lcinit                 cinit        000000
__Lclrtext               clrtext      000000
__Lcomram                comram       000000
__Lconfig                config       300000
__Lconst                 const        000000
__LcstackCOMRAM          cstackCOMRAM 000000
__Ldata                  data         000000
__LdataCOMRAM            dataCOMRAM   000000
__Leeprom_data           eeprom_data  000000
__Lend_init              end_init     000018
__Lfarbss                farbss       000000
__Lfardata               fardata      000000
__Libigdata              ibigdata     000000
__Lidata                 idata        000000
__LidataCOMRAM           idataCOMRAM  000000
__Lidloc                 idloc        200000
__Lifardata              ifardata     000000
__Linit                  init         000018
__Lintcode               intcode      000008
__Lintcode_body          intcode_body 000000
__Lintcodelo             intcodelo    000018
__Lintentry              intentry     000000
__Lintret                intret       000000
__Lintsave_regs          intsave_regs 000000
__Lirdata                irdata       000000
__Lmediumconst           mediumconst  000000
__LnvFARRAM              nvFARRAM     000000
__Lnvbit                 nvbit        000000
__Lnvrram                nvrram       000000
__Lparam                 rparam       000000
__Lpowerup               powerup      000018
__Lram                   ram          000000
__Lramtop                ramtop       000800
__Lrbit                  rbit         000000
__Lrbss                  rbss         000000
__Lrdata                 rdata        000000
__Lreset_vec             reset_vec    000000
__Lrparam                rparam       000000
__Lsfr                   sfr          000000
__Lsmallconst            smallconst   000000
__Lspace_0               (abs)        000000
__Lspace_1               (abs)        000000
__Lspace_2               (abs)        000000
__Lstack                 stack        000000
__Lstruct                struct       000000
__Ltemp                  temp         000000
__Ltext                  text         000000
__Ltext0                 text0        000000
__Ltext1                 text1        000000
__Ltext10                text10       000000
__Ltext2                 text2        000000
__Ltext3                 text3        000000
__Ltext4                 text4        000000
__Ltext5                 text5        000000
__Ltext6                 text6        000000
__Ltext8                 text8        000000
__Ltext9                 text9        000000
__S0                     (abs)        30000E
__S1                     (abs)        00002C
__S2                     (abs)        000000
___awdiv                 text2        00001C
___awdiv@counter         cstackCOMRAM 000016
___awdiv@dividend        cstackCOMRAM 000012
___awdiv@divisor         cstackCOMRAM 000014
___awdiv@quotient        cstackCOMRAM 000018
___awdiv@sign            cstackCOMRAM 000017
___inthi_sp              stack        000000
___intlo_sp              stack        000000
___sp                    stack        000000
__accesstop              (abs)        000060
__activetblptr           (abs)        000000
__end_of_Interrupcion    intcode_body 000142
__end_of_OpenUSART       text6        0001AA
__end_of_ReadUSART       text10       0002DE
__end_of_WriteUSART      text4        0002F0
__end_of___awdiv         text2        0000C0
__end_of__initialization cinit        00026E
__end_of_baudUSART       text5        00030A
__end_of_main            text0        000200
__end_of_putsUSART       text3        00029A
__end_of_x_delay_ms      text1        00024A
__end_ofi2_WriteUSART    text9        000302
__end_ofi2_putsUSART     text8        0002C0
__initialization         cinit        00024A
__mediumconst            mediumconst  000000
__pbssCOMRAM             bssCOMRAM    00002A
__pcinit                 cinit        00024A
__pcstackCOMRAM          cstackCOMRAM 000001
__pdataCOMRAM            dataCOMRAM   000023
__pidataCOMRAM           idataCOMRAM  00030A
__pintcode               intcode      000008
__pintcode_body          intcode_body 0000C0
__ptext0                 text0        0001AA
__ptext1                 text1        000200
__ptext10                text10       0002C0
__ptext2                 text2        00001C
__ptext3                 text3        000274
__ptext4                 text4        0002DE
__ptext5                 text5        000302
__ptext6                 text6        000142
__ptext8                 text8        00029A
__ptext9                 text9        0002F0
__ramtop                 ramtop       000800
__size_of_Interrupcion   (abs)        000000
__size_of_OpenUSART      (abs)        000000
__size_of_ReadUSART      (abs)        000000
__size_of_WriteUSART     (abs)        000000
__size_of___awdiv        (abs)        000000
__size_of_baudUSART      (abs)        000000
__size_of_main           (abs)        000000
__size_of_putsUSART      (abs)        000000
__size_of_x_delay_ms     (abs)        000000
__size_ofi2_WriteUSART   (abs)        000000
__size_ofi2_putsUSART    (abs)        000000
__smallconst             smallconst   000000
_baudUSART               text5        000302
_main                    text0        0001AA
_putsUSART               text3        000274
_x_delay_ms              text1        000200
baudUSART@baudconfig     cstackCOMRAM 000012
end_of_initialization    cinit        00026E
i2WriteUSART@data        cstackCOMRAM 000001
i2_WriteUSART            text9        0002F0
i2_putsUSART             text8        00029A
i2putsUSART@data         cstackCOMRAM 000002
int_func                 intcode_body 0000C0
intlevel0                text         000000
intlevel1                text         000000
intlevel2                text         000000
intlevel3                text         000000
main@baudconfig          cstackCOMRAM 000022
main@config              cstackCOMRAM 000021
main@spbrg               cstackCOMRAM 00001F
putsUSART@data           cstackCOMRAM 000013
stackhi                  (abs)        0007FF
stacklo                  (abs)        000060
start                    init         000018
start_initialization     cinit        00024A
x_delay_ms@cont          cstackCOMRAM 00001D
x_delay_ms@x             cstackCOMRAM 00001A


FUNCTION INFORMATION:

 *************** function _main *****************
 Defined at:
		line 22 in file "main.c"
 Parameters:    Size  Location     Type
		None
 Auto vars:     Size  Location     Type
  spbrg           2   30[COMRAM] unsigned int 
  baudconfig      1   33[COMRAM] unsigned char 
  config          1   32[COMRAM] unsigned char 
 Return value:  Size  Location     Type
		None               void
 Registers used:
		wreg, fsr2l, fsr2h, status,2, status,0, prodl, cstack
 Tracked objects:
		On entry : 
		On exit  : 
		Unchanged: 
 Data sizes:     COMRAM   BANK0   BANK1   BANK2   BANK3   BANK4   BANK5   BANK6   BANK7
      Params:         0       0       0       0       0       0       0       0       0
      Locals:         4       0       0       0       0       0       0       0       0
      Temps:          0       0       0       0       0       0       0       0       0
      Totals:         4       0       0       0       0       0       0       0       0
Total ram usage:        4 bytes
 Hardware stack levels required when called:    5
 This function calls:
		_OpenUSART
		_baudUSART
		_putsUSART
		_x_delay_ms
 This function is called by:
		Startup code after reset
 This function uses a non-reentrant model


 *************** function _x_delay_ms *****************
 Defined at:
		line 14 in file "main.c"
 Parameters:    Size  Location     Type
  x               2   25[COMRAM] int 
 Auto vars:     Size  Location     Type
  cont            2   28[COMRAM] int 
 Return value:  Size  Location     Type
		None               void
 Registers used:
		wreg, status,2, status,0, prodl, cstack
 Tracked objects:
		On entry : 
		On exit  : 
		Unchanged: 
 Data sizes:     COMRAM   BANK0   BANK1   BANK2   BANK3   BANK4   BANK5   BANK6   BANK7
      Params:         2       0       0       0       0       0       0       0       0
      Locals:         2       0       0       0       0       0       0       0       0
      Temps:          1       0       0       0       0       0       0       0       0
      Totals:         5       0       0       0       0       0       0       0       0
Total ram usage:        5 bytes
 Hardware stack levels used:    1
 Hardware stack levels required when called:    4
 This function calls:
		___awdiv
 This function is called by:
		_main
 This function uses a non-reentrant model


 *************** function ___awdiv *****************
 Defined at:
		line 8 in file "C:\Program Files (x86)\Microchip\xc8\v1.32\sources\common\awdiv.c"
 Parameters:    Size  Location     Type
  dividend        2   17[COMRAM] int 
  divisor         2   19[COMRAM] int 
 Auto vars:     Size  Location     Type
  quotient        2   23[COMRAM] int 
  sign            1   22[COMRAM] unsigned char 
  counter         1   21[COMRAM] unsigned char 
 Return value:  Size  Location     Type
                  2   17[COMRAM] int 
 Registers used:
		wreg, status,2, status,0, prodl
 Tracked objects:
		On entry : 
		On exit  : 
		Unchanged: 
 Data sizes:     COMRAM   BANK0   BANK1   BANK2   BANK3   BANK4   BANK5   BANK6   BANK7
      Params:         4       0       0       0       0       0       0       0       0
      Locals:         4       0       0       0       0       0       0       0       0
      Temps:          0       0       0       0       0       0       0       0       0
      Totals:         8       0       0       0       0       0       0       0       0
Total ram usage:        8 bytes
 Hardware stack levels used:    1
 Hardware stack levels required when called:    3
 This function calls:
		Nothing
 This function is called by:
		_x_delay_ms
 This function uses a non-reentrant model


 *************** function _putsUSART *****************
 Defined at:
		line 14 in file "C:\Program Files (x86)\Microchip\xc8\v1.32\sources\pic18\plib\USART\uputs.c"
 Parameters:    Size  Location     Type
  data            2   18[COMRAM] PTR unsigned char 
		 -> CaracterRx(1), MensajeTx(7), 
 Auto vars:     Size  Location     Type
		None
 Return value:  Size  Location     Type
		None               void
 Registers used:
		wreg, fsr2l, fsr2h, status,2, status,0, cstack
 Tracked objects:
		On entry : 
		On exit  : 
		Unchanged: 
 Data sizes:     COMRAM   BANK0   BANK1   BANK2   BANK3   BANK4   BANK5   BANK6   BANK7
      Params:         2       0       0       0       0       0       0       0       0
      Locals:         0       0       0       0       0       0       0       0       0
      Temps:          0       0       0       0       0       0       0       0       0
      Totals:         2       0       0       0       0       0       0       0       0
Total ram usage:        2 bytes
 Hardware stack levels used:    1
 Hardware stack levels required when called:    4
 This function calls:
		_WriteUSART
 This function is called by:
		_main
 This function uses a non-reentrant model


 *************** function _WriteUSART *****************
 Defined at:
		line 13 in file "C:\Program Files (x86)\Microchip\xc8\v1.32\sources\pic18\plib\USART\uwrite.c"
 Parameters:    Size  Location     Type
  data            1    wreg     unsigned char 
 Auto vars:     Size  Location     Type
  data            1   17[COMRAM] unsigned char 
 Return value:  Size  Location     Type
		None               void
 Registers used:
		wreg
 Tracked objects:
		On entry : 
		On exit  : 
		Unchanged: 
 Data sizes:     COMRAM   BANK0   BANK1   BANK2   BANK3   BANK4   BANK5   BANK6   BANK7
      Params:         0       0       0       0       0       0       0       0       0
      Locals:         1       0       0       0       0       0       0       0       0
      Temps:          0       0       0       0       0       0       0       0       0
      Totals:         1       0       0       0       0       0       0       0       0
Total ram usage:        1 bytes
 Hardware stack levels used:    1
 Hardware stack levels required when called:    3
 This function calls:
		Nothing
 This function is called by:
		_putsUSART
 This function uses a non-reentrant model


 *************** function _baudUSART *****************
 Defined at:
		line 15 in file "C:\Program Files (x86)\Microchip\xc8\v1.32\sources\pic18\plib\USART\ubaud.c"
 Parameters:    Size  Location     Type
  baudconfig      1    wreg     unsigned char 
 Auto vars:     Size  Location     Type
  baudconfig      1   17[COMRAM] unsigned char 
 Return value:  Size  Location     Type
		None               void
 Registers used:
		wreg
 Tracked objects:
		On entry : 
		On exit  : 
		Unchanged: 
 Data sizes:     COMRAM   BANK0   BANK1   BANK2   BANK3   BANK4   BANK5   BANK6   BANK7
      Params:         0       0       0       0       0       0       0       0       0
      Locals:         1       0       0       0       0       0       0       0       0
      Temps:          0       0       0       0       0       0       0       0       0
      Totals:         1       0       0       0       0       0       0       0       0
Total ram usage:        1 bytes
 Hardware stack levels used:    1
 Hardware stack levels required when called:    3
 This function calls:
		Nothing
 This function is called by:
		_main
 This function uses a non-reentrant model


 *************** function _OpenUSART *****************
 Defined at:
		line 73 in file "C:\Program Files (x86)\Microchip\xc8\v1.32\sources\pic18\plib\USART\uopen.c"
 Parameters:    Size  Location     Type
  config          1    wreg     unsigned char 
  spbrg           2   17[COMRAM] unsigned int 
 Auto vars:     Size  Location     Type
  config          1   22[COMRAM] unsigned char 
 Return value:  Size  Location     Type
		None               void
 Registers used:
		wreg, status,2
 Tracked objects:
		On entry : 
		On exit  : 
		Unchanged: 
 Data sizes:     COMRAM   BANK0   BANK1   BANK2   BANK3   BANK4   BANK5   BANK6   BANK7
      Params:         2       0       0       0       0       0       0       0       0
      Locals:         1       0       0       0       0       0       0       0       0
      Temps:          3       0       0       0       0       0       0       0       0
      Totals:         6       0       0       0       0       0       0       0       0
Total ram usage:        6 bytes
 Hardware stack levels used:    1
 Hardware stack levels required when called:    3
 This function calls:
		Nothing
 This function is called by:
		_main
 This function uses a non-reentrant model


 *************** function _Interrupcion *****************
 Defined at:
		line 48 in file "main.c"
 Parameters:    Size  Location     Type
		None
 Auto vars:     Size  Location     Type
		None
 Return value:  Size  Location     Type
		None               void
 Registers used:
		wreg, fsr2l, fsr2h, status,2, status,0, cstack
 Tracked objects:
		On entry : 
		On exit  : 
		Unchanged: 
 Data sizes:     COMRAM   BANK0   BANK1   BANK2   BANK3   BANK4   BANK5   BANK6   BANK7
      Params:         0       0       0       0       0       0       0       0       0
      Locals:         0       0       0       0       0       0       0       0       0
      Temps:         14       0       0       0       0       0       0       0       0
      Totals:        14       0       0       0       0       0       0       0       0
Total ram usage:       14 bytes
 Hardware stack levels used:    1
 Hardware stack levels required when called:    2
 This function calls:
		_ReadUSART
		i2_putsUSART
 This function is called by:
		Interrupt level 2
 This function uses a non-reentrant model


 *************** function i2_putsUSART *****************
 Defined at:
		line 14 in file "C:\Program Files (x86)\Microchip\xc8\v1.32\sources\pic18\plib\USART\uputs.c"
 Parameters:    Size  Location     Type
  data            2    1[COMRAM] PTR unsigned char 
		 -> CaracterRx(1), MensajeTx(7), 
 Auto vars:     Size  Location     Type
		None
 Return value:  Size  Location     Type
		None               void
 Registers used:
		wreg, fsr2l, fsr2h, status,2, status,0, cstack
 Tracked objects:
		On entry : 
		On exit  : 
		Unchanged: 
 Data sizes:     COMRAM   BANK0   BANK1   BANK2   BANK3   BANK4   BANK5   BANK6   BANK7
      Params:         2       0       0       0       0       0       0       0       0
      Locals:         0       0       0       0       0       0       0       0       0
      Temps:          0       0       0       0       0       0       0       0       0
      Totals:         2       0       0       0       0       0       0       0       0
Total ram usage:        2 bytes
 Hardware stack levels used:    1
 Hardware stack levels required when called:    1
 This function calls:
		i2_WriteUSART
 This function is called by:
		_Interrupcion
 This function uses a non-reentrant model


 *************** function i2_WriteUSART *****************
 Defined at:
		line 13 in file "C:\Program Files (x86)\Microchip\xc8\v1.32\sources\pic18\plib\USART\uwrite.c"
 Parameters:    Size  Location     Type
  data            1    wreg     unsigned char 
 Auto vars:     Size  Location     Type
  data            1    0[COMRAM] unsigned char 
 Return value:  Size  Location     Type
		None               void
 Registers used:
		wreg
 Tracked objects:
		On entry : 
		On exit  : 
		Unchanged: 
 Data sizes:     COMRAM   BANK0   BANK1   BANK2   BANK3   BANK4   BANK5   BANK6   BANK7
      Params:         0       0       0       0       0       0       0       0       0
      Locals:         1       0       0       0       0       0       0       0       0
      Temps:          0       0       0       0       0       0       0       0       0
      Totals:         1       0       0       0       0       0       0       0       0
Total ram usage:        1 bytes
 Hardware stack levels used:    1
 This function calls:
		Nothing
 This function is called by:
		i2_putsUSART
 This function uses a non-reentrant model


 *************** function _ReadUSART *****************
 Defined at:
		line 15 in file "C:\Program Files (x86)\Microchip\xc8\v1.32\sources\pic18\plib\USART\uread.c"
 Parameters:    Size  Location     Type
		None
 Auto vars:     Size  Location     Type
  data            1    0[COMRAM] unsigned char 
 Return value:  Size  Location     Type
                  1    wreg      unsigned char 
 Registers used:
		wreg, status,2, status,0
 Tracked objects:
		On entry : 
		On exit  : 
		Unchanged: 
 Data sizes:     COMRAM   BANK0   BANK1   BANK2   BANK3   BANK4   BANK5   BANK6   BANK7
      Params:         0       0       0       0       0       0       0       0       0
      Locals:         1       0       0       0       0       0       0       0       0
      Temps:          0       0       0       0       0       0       0       0       0
      Totals:         1       0       0       0       0       0       0       0       0
Total ram usage:        1 bytes
 Hardware stack levels used:    1
 This function calls:
		Nothing
 This function is called by:
		_Interrupcion
 This function uses a non-reentrant model



MODULE INFORMATION

Module		Function		Class		Link	Load	Size
C:\Program Files (x86)\Microchip\xc8\v1.32\sources\pic18\plib\USART\uwrite.c
		_WriteUSART    		CODE           	02DE	0000	18

C:\Program Files (x86)\Microchip\xc8\v1.32\sources\pic18\plib\USART\uwrite.c estimated size: 18

C:\Program Files (x86)\Microchip\xc8\v1.32\sources\pic18\plib\USART\uopen.c
		_OpenUSART     		CODE           	0142	0000	104

C:\Program Files (x86)\Microchip\xc8\v1.32\sources\pic18\plib\USART\uopen.c estimated size: 104

C:\Program Files (x86)\Microchip\xc8\v1.32\sources\common\awdiv.c
		___awdiv       		CODE           	001C	0000	164

C:\Program Files (x86)\Microchip\xc8\v1.32\sources\common\awdiv.c estimated size: 164

C:\Program Files (x86)\Microchip\xc8\v1.32\sources\pic18\plib\USART\ubaud.c
		_baudUSART     		CODE           	0302	0000	8

C:\Program Files (x86)\Microchip\xc8\v1.32\sources\pic18\plib\USART\ubaud.c estimated size: 8

shared
		__initializatio		CODE           	024A	0000	36
		i2_putsUSART   		CODE           	029A	0000	38
		i2_WriteUSART  		CODE           	02F0	0000	18

shared estimated size: 92

C:\Program Files (x86)\Microchip\xc8\v1.32\sources\pic18\plib\USART\uread.c
		_ReadUSART     		CODE           	02C0	0000	30

C:\Program Files (x86)\Microchip\xc8\v1.32\sources\pic18\plib\USART\uread.c estimated size: 30

C:\Program Files (x86)\Microchip\xc8\v1.32\sources\pic18\plib\USART\uputs.c
		_putsUSART     		CODE           	0274	0000	38

C:\Program Files (x86)\Microchip\xc8\v1.32\sources\pic18\plib\USART\uputs.c estimated size: 38

main.c
		_Interrupcion  		CODE           	0008	0000	314
		_main          		CODE           	01AA	0000	86
		_x_delay_ms    		CODE           	0200	0000	74

main.c estimated size: 474

